============================= test session starts ==============================
platform linux -- Python 3.12.12, pytest-9.0.2, pluggy-1.6.0 -- /app/.venv/bin/python
cachedir: .pytest_cache
hypothesis profile 'default'
rootdir: /app
configfile: pyproject.toml
plugins: schemathesis-4.9.4, hypothesis-6.151.3, asyncio-1.3.0, anyio-4.12.1
asyncio: mode=Mode.AUTO, debug=False, asyncio_default_fixture_loop_scope=function, asyncio_default_test_loop_scope=function
collecting ... collected 67 items

tests/api/test_schemathesis.py::test_pwa_api_schema[GET /api/v1/pwa/dashboard/stats] PASSED [  1%]
tests/api/test_schemathesis.py::test_pwa_api_schema[GET /api/v1/pwa/dashboard/recent-activity]